// Jest Snapshot v1, https://goo.gl/fbAQLP

exports[`Testeando <AddCategory /> debe hacer match con el snapshot 1`] = `
<div>
  <form
    aria-label="form"
  >
    <input
      aria-label="search-input"
      placeholder="Buscar gifs..."
      value=""
    />
  </form>
</div>
`;
