// Jest Snapshot v1, https://goo.gl/fbAQLP

exports[`Pruebas en <Counter /> debe hacer match con el snapshot 1`] = `
<div>
  <h1>
    Counter App
  </h1>
  <h2>
     
    10
     
  </h2>
  <button
    aria-label="btn-+1"
  >
     +1 
  </button>
  <button
    aria-label="btn--1"
  >
     -1 
  </button>
  <button
    aria-label="btn-reset"
  >
     reset 
  </button>
</div>
`;
